// Jest Snapshot v1, https://goo.gl/fbAQLP

exports[`AddCenter Component AddCenter form  should render self it should render for dumb component 1`] = `
<AddCenter>
  <div
    className="panel add-center"
    id="add-center"
  >
    <div
      className="container "
    >
      <div
        className="row"
      >
        <div
          className="container"
        >
          <form>
            <div
              className="form-group row"
            >
              <label
                className="col-sm-3 col-form-label"
                htmlFor=""
              />
              <div
                className="col-sm-9"
              />
            </div>
            <p
              className="text-center h5"
            >
              <b>
                ADD CENTER
              </b>
            </p>
            <div
              className="form-group row"
            >
              <label
                className="col-sm-3 col-form-label"
                htmlFor="name"
              >
                Name
              </label>
              <div
                className="col-sm-9"
              >
                <input
                  className="form-control"
                  name="name"
                  onChange={[Function]}
                  placeholder="Name"
                  type="text"
                />
              </div>
            </div>
            <div
              className="form-group row"
            >
              <label
                className="col-sm-3 col-form-label"
                htmlFor="Description"
              >
                Description
              </label>
              <div
                className="col-sm-9"
              >
                <textarea
                  className="form-control"
                  name="description"
                  onChange={[Function]}
                  placeholder="Description"
                  type="text"
                />
              </div>
            </div>
            <div
              className="form-group row"
            >
              <label
                className="col-sm-3 col-form-label"
                htmlFor="title"
              >
                Location
              </label>
              <div
                className="col-sm-9"
              >
                <input
                  className="form-control"
                  name="location"
                  onChange={[Function]}
                  placeholder="Location"
                  type="text"
                />
              </div>
            </div>
            <div
              className="form-group row"
            >
              <label
                className="col-sm-3 col-form-label"
                htmlFor="title"
              >
                Capacity
              </label>
              <div
                className="col-sm-9"
              >
                <input
                  className="form-control"
                  min="1"
                  name="capacity"
                  onChange={[Function]}
                  placeholder="Capacity"
                  step="1"
                  type="number"
                />
              </div>
            </div>
            <div
              className="form-group row"
            >
              <label
                className="col-sm-3 col-form-label"
                htmlFor="title"
              >
                Price
              </label>
              <div
                className="col-sm-9"
              >
                <input
                  className="form-control"
                  min="1"
                  name="price"
                  onChange={[Function]}
                  placeholder="Price"
                  step="any"
                  type="number"
                />
              </div>
            </div>
            <div
              className="form-group row"
            >
              <label
                className="col-sm-3 col-form-label"
                htmlFor="title"
              >
                Facilities
              </label>
              <div
                className="col-sm-9"
              >
                <input
                  className="form-control"
                  name="facilities"
                  onChange={[Function]}
                  placeholder="Separate with commas"
                  type="text"
                />
                <small
                  className="form-text text-muted"
                  id="fileHelp"
                >
                  ( Optional )
                </small>
              </div>
            </div>
            <div
              className="form-group row"
            >
              <label
                className="col-sm-3 col-form-label"
                htmlFor="exampleInputFile"
              >
                Image
              </label>
              <div
                className="col-sm-9"
              >
                <input
                  aria-describedby="fileHelp"
                  className="form-control"
                  name="image"
                  onChange={[Function]}
                  type="file"
                />
                <small
                  className="form-text text-muted"
                  id="fileHelp"
                >
                  ( Optional )
                </small>
              </div>
            </div>
            <div
              className="form-group row"
            >
              <div
                className="offset-sm-3 col-sm-9"
              >
                <button
                  className="btn btn-sm btn-success"
                  onClick={[Function]}
                  type="submit"
                >
                  <i
                    className="fa fa-plus fa-lg"
                  />
                   Add Center
                </button>
              </div>
            </div>
          </form>
        </div>
      </div>
    </div>
  </div>
</AddCenter>
`;
