// Jest Snapshot v1, https://goo.gl/fbAQLP

exports[`AdminPanel Component AdminPanel form  should render self it should render for dumb component 1`] = `
<div>
  <NavBar
    page="LandingPage"
  />
  <AdminPanelBody />
  <Footer />
</div>
`;
