// Jest Snapshot v1, https://goo.gl/fbAQLP

exports[`App Component App form  should render self it should render for dumb component 1`] = `<LandingPage />`;
