// Jest Snapshot v1, https://goo.gl/fbAQLP

exports[`AdminPanelBody Component AdminPanelBody should render self it should render for dumb component 1`] = `
ShallowWrapper {
  "length": 1,
  Symbol(enzyme.__root__): [Circular],
  Symbol(enzyme.__unrendered__): <AdminPanelBody
    allCenters={
      Object {
        "data": Array [],
      }
    }
    dispatch={[Function]}
    show={[Function]}
  />,
  Symbol(enzyme.__renderer__): Object {
    "batchedUpdates": [Function],
    "getNode": [Function],
    "render": [Function],
    "simulateEvent": [Function],
    "unmount": [Function],
  },
  Symbol(enzyme.__node__): Object {
    "instance": null,
    "key": undefined,
    "nodeType": "host",
    "props": Object {
      "children": <div
        className="row"
      >
        <div
          className="col-sm-2 side"
        >
          <div
            className="list-group sidebar"
          >
            centerId
            <a
              className="list-group-item list-group-item-action centers-button"
              href="#"
              onClick={[Function]}
            >
              Centers
            </a>
            <a
              className="list-group-item list-group-item-action add-center-button"
              href="#"
              onClick={[Function]}
            >
              Add Center
            </a>
            <a
              className="list-group-item list-group-item-action"
              href="#"
            >
              Events
            </a>
            <a
              className="list-group-item list-group-item-action"
              href="#"
            >
              Users
            </a>
          </div>
        </div>
        <div
          className="col-sm-10 panel-column"
        >
          <Connect(AdminCenters)
            show={[Function]}
          />
        </div>
      </div>,
      "className": "container-fluid admin",
    },
    "ref": null,
    "rendered": Object {
      "instance": null,
      "key": undefined,
      "nodeType": "host",
      "props": Object {
        "children": Array [
          <div
            className="col-sm-2 side"
          >
            <div
              className="list-group sidebar"
            >
              centerId
              <a
                className="list-group-item list-group-item-action centers-button"
                href="#"
                onClick={[Function]}
              >
                Centers
              </a>
              <a
                className="list-group-item list-group-item-action add-center-button"
                href="#"
                onClick={[Function]}
              >
                Add Center
              </a>
              <a
                className="list-group-item list-group-item-action"
                href="#"
              >
                Events
              </a>
              <a
                className="list-group-item list-group-item-action"
                href="#"
              >
                Users
              </a>
            </div>
          </div>,
          <div
            className="col-sm-10 panel-column"
          >
            <Connect(AdminCenters)
              show={[Function]}
            />
          </div>,
        ],
        "className": "row",
      },
      "ref": null,
      "rendered": Array [
        Object {
          "instance": null,
          "key": undefined,
          "nodeType": "host",
          "props": Object {
            "children": <div
              className="list-group sidebar"
            >
              centerId
              <a
                className="list-group-item list-group-item-action centers-button"
                href="#"
                onClick={[Function]}
              >
                Centers
              </a>
              <a
                className="list-group-item list-group-item-action add-center-button"
                href="#"
                onClick={[Function]}
              >
                Add Center
              </a>
              <a
                className="list-group-item list-group-item-action"
                href="#"
              >
                Events
              </a>
              <a
                className="list-group-item list-group-item-action"
                href="#"
              >
                Users
              </a>
            </div>,
            "className": "col-sm-2 side",
          },
          "ref": null,
          "rendered": Object {
            "instance": null,
            "key": undefined,
            "nodeType": "host",
            "props": Object {
              "children": Array [
                "centerId",
                <a
                  className="list-group-item list-group-item-action centers-button"
                  href="#"
                  onClick={[Function]}
                >
                  Centers
                </a>,
                <a
                  className="list-group-item list-group-item-action add-center-button"
                  href="#"
                  onClick={[Function]}
                >
                  Add Center
                </a>,
                <a
                  className="list-group-item list-group-item-action"
                  href="#"
                >
                  Events
                </a>,
                <a
                  className="list-group-item list-group-item-action"
                  href="#"
                >
                  Users
                </a>,
              ],
              "className": "list-group sidebar",
            },
            "ref": null,
            "rendered": Array [
              "centerId",
              Object {
                "instance": null,
                "key": undefined,
                "nodeType": "host",
                "props": Object {
                  "children": "Centers",
                  "className": "list-group-item list-group-item-action centers-button",
                  "href": "#",
                  "onClick": [Function],
                },
                "ref": null,
                "rendered": "Centers",
                "type": "a",
              },
              Object {
                "instance": null,
                "key": undefined,
                "nodeType": "host",
                "props": Object {
                  "children": "Add Center",
                  "className": "list-group-item list-group-item-action add-center-button",
                  "href": "#",
                  "onClick": [Function],
                },
                "ref": null,
                "rendered": "Add Center",
                "type": "a",
              },
              Object {
                "instance": null,
                "key": undefined,
                "nodeType": "host",
                "props": Object {
                  "children": "Events",
                  "className": "list-group-item list-group-item-action",
                  "href": "#",
                },
                "ref": null,
                "rendered": "Events",
                "type": "a",
              },
              Object {
                "instance": null,
                "key": undefined,
                "nodeType": "host",
                "props": Object {
                  "children": "Users",
                  "className": "list-group-item list-group-item-action",
                  "href": "#",
                },
                "ref": null,
                "rendered": "Users",
                "type": "a",
              },
            ],
            "type": "div",
          },
          "type": "div",
        },
        Object {
          "instance": null,
          "key": undefined,
          "nodeType": "host",
          "props": Object {
            "children": Array [
              <Connect(AdminCenters)
                show={[Function]}
              />,
              false,
              false,
              false,
            ],
            "className": "col-sm-10 panel-column",
          },
          "ref": null,
          "rendered": Array [
            Object {
              "instance": null,
              "key": undefined,
              "nodeType": "class",
              "props": Object {
                "show": [Function],
              },
              "ref": null,
              "rendered": null,
              "type": [Function],
            },
            false,
            false,
            false,
          ],
          "type": "div",
        },
      ],
      "type": "div",
    },
    "type": "div",
  },
  Symbol(enzyme.__nodes__): Array [
    Object {
      "instance": null,
      "key": undefined,
      "nodeType": "host",
      "props": Object {
        "children": <div
          className="row"
        >
          <div
            className="col-sm-2 side"
          >
            <div
              className="list-group sidebar"
            >
              centerId
              <a
                className="list-group-item list-group-item-action centers-button"
                href="#"
                onClick={[Function]}
              >
                Centers
              </a>
              <a
                className="list-group-item list-group-item-action add-center-button"
                href="#"
                onClick={[Function]}
              >
                Add Center
              </a>
              <a
                className="list-group-item list-group-item-action"
                href="#"
              >
                Events
              </a>
              <a
                className="list-group-item list-group-item-action"
                href="#"
              >
                Users
              </a>
            </div>
          </div>
          <div
            className="col-sm-10 panel-column"
          >
            <Connect(AdminCenters)
              show={[Function]}
            />
          </div>
        </div>,
        "className": "container-fluid admin",
      },
      "ref": null,
      "rendered": Object {
        "instance": null,
        "key": undefined,
        "nodeType": "host",
        "props": Object {
          "children": Array [
            <div
              className="col-sm-2 side"
            >
              <div
                className="list-group sidebar"
              >
                centerId
                <a
                  className="list-group-item list-group-item-action centers-button"
                  href="#"
                  onClick={[Function]}
                >
                  Centers
                </a>
                <a
                  className="list-group-item list-group-item-action add-center-button"
                  href="#"
                  onClick={[Function]}
                >
                  Add Center
                </a>
                <a
                  className="list-group-item list-group-item-action"
                  href="#"
                >
                  Events
                </a>
                <a
                  className="list-group-item list-group-item-action"
                  href="#"
                >
                  Users
                </a>
              </div>
            </div>,
            <div
              className="col-sm-10 panel-column"
            >
              <Connect(AdminCenters)
                show={[Function]}
              />
            </div>,
          ],
          "className": "row",
        },
        "ref": null,
        "rendered": Array [
          Object {
            "instance": null,
            "key": undefined,
            "nodeType": "host",
            "props": Object {
              "children": <div
                className="list-group sidebar"
              >
                centerId
                <a
                  className="list-group-item list-group-item-action centers-button"
                  href="#"
                  onClick={[Function]}
                >
                  Centers
                </a>
                <a
                  className="list-group-item list-group-item-action add-center-button"
                  href="#"
                  onClick={[Function]}
                >
                  Add Center
                </a>
                <a
                  className="list-group-item list-group-item-action"
                  href="#"
                >
                  Events
                </a>
                <a
                  className="list-group-item list-group-item-action"
                  href="#"
                >
                  Users
                </a>
              </div>,
              "className": "col-sm-2 side",
            },
            "ref": null,
            "rendered": Object {
              "instance": null,
              "key": undefined,
              "nodeType": "host",
              "props": Object {
                "children": Array [
                  "centerId",
                  <a
                    className="list-group-item list-group-item-action centers-button"
                    href="#"
                    onClick={[Function]}
                  >
                    Centers
                  </a>,
                  <a
                    className="list-group-item list-group-item-action add-center-button"
                    href="#"
                    onClick={[Function]}
                  >
                    Add Center
                  </a>,
                  <a
                    className="list-group-item list-group-item-action"
                    href="#"
                  >
                    Events
                  </a>,
                  <a
                    className="list-group-item list-group-item-action"
                    href="#"
                  >
                    Users
                  </a>,
                ],
                "className": "list-group sidebar",
              },
              "ref": null,
              "rendered": Array [
                "centerId",
                Object {
                  "instance": null,
                  "key": undefined,
                  "nodeType": "host",
                  "props": Object {
                    "children": "Centers",
                    "className": "list-group-item list-group-item-action centers-button",
                    "href": "#",
                    "onClick": [Function],
                  },
                  "ref": null,
                  "rendered": "Centers",
                  "type": "a",
                },
                Object {
                  "instance": null,
                  "key": undefined,
                  "nodeType": "host",
                  "props": Object {
                    "children": "Add Center",
                    "className": "list-group-item list-group-item-action add-center-button",
                    "href": "#",
                    "onClick": [Function],
                  },
                  "ref": null,
                  "rendered": "Add Center",
                  "type": "a",
                },
                Object {
                  "instance": null,
                  "key": undefined,
                  "nodeType": "host",
                  "props": Object {
                    "children": "Events",
                    "className": "list-group-item list-group-item-action",
                    "href": "#",
                  },
                  "ref": null,
                  "rendered": "Events",
                  "type": "a",
                },
                Object {
                  "instance": null,
                  "key": undefined,
                  "nodeType": "host",
                  "props": Object {
                    "children": "Users",
                    "className": "list-group-item list-group-item-action",
                    "href": "#",
                  },
                  "ref": null,
                  "rendered": "Users",
                  "type": "a",
                },
              ],
              "type": "div",
            },
            "type": "div",
          },
          Object {
            "instance": null,
            "key": undefined,
            "nodeType": "host",
            "props": Object {
              "children": Array [
                <Connect(AdminCenters)
                  show={[Function]}
                />,
                false,
                false,
                false,
              ],
              "className": "col-sm-10 panel-column",
            },
            "ref": null,
            "rendered": Array [
              Object {
                "instance": null,
                "key": undefined,
                "nodeType": "class",
                "props": Object {
                  "show": [Function],
                },
                "ref": null,
                "rendered": null,
                "type": [Function],
              },
              false,
              false,
              false,
            ],
            "type": "div",
          },
        ],
        "type": "div",
      },
      "type": "div",
    },
  ],
  Symbol(enzyme.__options__): Object {
    "adapter": ReactSixteenAdapter {
      "options": Object {
        "enableComponentDidUpdateOnSetState": true,
      },
    },
  },
}
`;
