// Jest Snapshot v1, https://goo.gl/fbAQLP

exports[`Body of Landing page should render self it should render for body 1`] = `undefined`;
