// Jest Snapshot v1, https://goo.gl/fbAQLP

exports[`CenterEventsCard Component CenterEventsCard  should render self it should render for dumb component 1`] = `
ShallowWrapper {
  "length": 1,
  Symbol(enzyme.__root__): [Circular],
  Symbol(enzyme.__unrendered__): <CenterEventsCard
    events={
      Array [
        Object {
          "Center": Array [],
          "date": 1515504777425,
          "description": "",
          "id": "1",
          "image": "",
          "location": "",
          "time": "5:00",
          "title": "Seminar",
        },
      ]
    }
  />,
  Symbol(enzyme.__renderer__): Object {
    "batchedUpdates": [Function],
    "getNode": [Function],
    "render": [Function],
    "simulateEvent": [Function],
    "unmount": [Function],
  },
  Symbol(enzyme.__node__): Object {
    "instance": null,
    "key": undefined,
    "nodeType": "host",
    "props": Object {
      "children": Array [
        <h6
          className="card-header"
        >
          <b>
            EVENTS
          </b>
        </h6>,
        Array [
          <AdminEvent
            event={
              Object {
                "Center": Array [],
                "date": 1515504777425,
                "description": "",
                "id": "1",
                "image": "",
                "location": "",
                "time": "5:00",
                "title": "Seminar",
              }
            }
          />,
        ],
      ],
      "className": "card",
    },
    "ref": null,
    "rendered": Array [
      Object {
        "instance": null,
        "key": undefined,
        "nodeType": "host",
        "props": Object {
          "children": <b>
            EVENTS
          </b>,
          "className": "card-header",
        },
        "ref": null,
        "rendered": Object {
          "instance": null,
          "key": undefined,
          "nodeType": "host",
          "props": Object {
            "children": "EVENTS",
          },
          "ref": null,
          "rendered": "EVENTS",
          "type": "b",
        },
        "type": "h6",
      },
      Object {
        "instance": null,
        "key": "1",
        "nodeType": "class",
        "props": Object {
          "event": Object {
            "Center": Array [],
            "date": 1515504777425,
            "description": "",
            "id": "1",
            "image": "",
            "location": "",
            "time": "5:00",
            "title": "Seminar",
          },
        },
        "ref": null,
        "rendered": null,
        "type": [Function],
      },
    ],
    "type": "div",
  },
  Symbol(enzyme.__nodes__): Array [
    Object {
      "instance": null,
      "key": undefined,
      "nodeType": "host",
      "props": Object {
        "children": Array [
          <h6
            className="card-header"
          >
            <b>
              EVENTS
            </b>
          </h6>,
          Array [
            <AdminEvent
              event={
                Object {
                  "Center": Array [],
                  "date": 1515504777425,
                  "description": "",
                  "id": "1",
                  "image": "",
                  "location": "",
                  "time": "5:00",
                  "title": "Seminar",
                }
              }
            />,
          ],
        ],
        "className": "card",
      },
      "ref": null,
      "rendered": Array [
        Object {
          "instance": null,
          "key": undefined,
          "nodeType": "host",
          "props": Object {
            "children": <b>
              EVENTS
            </b>,
            "className": "card-header",
          },
          "ref": null,
          "rendered": Object {
            "instance": null,
            "key": undefined,
            "nodeType": "host",
            "props": Object {
              "children": "EVENTS",
            },
            "ref": null,
            "rendered": "EVENTS",
            "type": "b",
          },
          "type": "h6",
        },
        Object {
          "instance": null,
          "key": "1",
          "nodeType": "class",
          "props": Object {
            "event": Object {
              "Center": Array [],
              "date": 1515504777425,
              "description": "",
              "id": "1",
              "image": "",
              "location": "",
              "time": "5:00",
              "title": "Seminar",
            },
          },
          "ref": null,
          "rendered": null,
          "type": [Function],
        },
      ],
      "type": "div",
    },
  ],
  Symbol(enzyme.__options__): Object {
    "adapter": ReactSixteenAdapter {
      "options": Object {
        "enableComponentDidUpdateOnSetState": true,
      },
    },
  },
}
`;
