// Jest Snapshot v1, https://goo.gl/fbAQLP

exports[`DeleteModal Component it should render DeleteModal component 1`] = `
<div
  aria-hidden="true"
  aria-labelledby="11Label"
  className="modal fade"
  id="1"
  role="dialog"
  tabIndex="-1"
>
  <div
    className="modal-dialog"
    role="document"
  >
    <div
      className="modal-content"
    >
      <div
        className="modal-header"
      >
        <h6
          className="modal-title"
          id="eventModalLabel"
        >
          Delete 
        </h6>
        <button
          aria-label="Close"
          className="close"
          data-dismiss="modal"
          type="button"
        >
          <span
            aria-hidden="true"
          >
            Ã—
          </span>
        </button>
      </div>
      <div
        className="modal-body"
      >
        <p
          className="text-center"
        >
          Are you sure you want to delete this 
          ?
        </p>
        <form />
      </div>
      <div
        className="modal-footer"
      >
        <button
          className="btn btn-sm btn-secondary"
          data-dismiss="modal"
          type="button"
        >
          Cancel
        </button>
        <button
          className="btn btn-sm btn-danger"
          data-dismiss="modal"
          onClick={[Function]}
          type="button"
        >
          Delete 
        </button>
      </div>
    </div>
  </div>
</div>
`;
