// Jest Snapshot v1, https://goo.gl/fbAQLP

exports[`EventDetails Component EventDetails form  should render self it should render for dumb component 1`] = `
<div>
  <NavBar
    page="MyEvents"
  />
  <div
    className="container event-details"
  >
    <div
      className="row"
    >
      <div
        className="col-md-8 event"
      >
        <div
          className="card mb-3"
        >
          <img
            alt="Card image cap"
            className="card-img-top img-fluid"
            height="300"
            src=""
          />
          <div
            className="card-block"
          >
            <h5
              className="card-title"
            >
              <b>
                Seminar
              </b>
            </h5>
            <p
              className="card-text"
            />
          </div>
        </div>
        <Location
          location="undefined, undefined"
        />
      </div>
      <div
        className="col-md-4 venue-date"
      >
        <div
          className="container"
        >
          <div
            className="row"
          >
            <div
              className="card"
            >
              <h6
                className="card-header"
              >
                <b>
                  VENUE
                </b>
              </h6>
              <div
                className="card-block"
              >
                <p
                  className="card-text"
                >
                  undefined, undefined
                </p>
              </div>
            </div>
          </div>
          <div
            className="row"
          >
            <div
              className="card"
            >
              <h6
                className="card-header"
              >
                <b>
                  DATE & TIME
                </b>
              </h6>
              <div
                className="card-block"
              >
                <p
                  className="card-text"
                >
                  01 January 2020
                </p>
                <p
                  className="card-text"
                >
                  5:00
                </p>
              </div>
            </div>
          </div>
        </div>
      </div>
    </div>
  </div>
  <Footer />
</div>
`;
