// Jest Snapshot v1, https://goo.gl/fbAQLP

exports[`Footer should render self it should render for body 1`] = `undefined`;
