// Jest Snapshot v1, https://goo.gl/fbAQLP

exports[`Landing Page Component it should render landing page 1`] = `undefined`;
